[debug] [2026-01-30T04:14:00.505Z] ----------------------------------------------------------------------
[debug] [2026-01-30T04:14:00.510Z] Command:       /usr/local/bin/node /Users/ikedakazuki/.npm/_npx/7750544ccf494d8b/node_modules/.bin/firebase init hosting
[debug] [2026-01-30T04:14:00.510Z] CLI Version:   15.5.1
[debug] [2026-01-30T04:14:00.510Z] Platform:      darwin
[debug] [2026-01-30T04:14:00.511Z] Node Version:  v22.14.0
[debug] [2026-01-30T04:14:00.511Z] Time:          Fri Jan 30 2026 13:14:00 GMT+0900 (日本標準時)
[debug] [2026-01-30T04:14:00.511Z] ----------------------------------------------------------------------
[debug] 
[info] 
     ######## #### ########  ######## ########     ###     ######  ########
     ##        ##  ##     ## ##       ##     ##  ##   ##  ##       ##
     ######    ##  ########  ######   ########  #########  ######  ######
     ##        ##  ##    ##  ##       ##     ## ##     ##       ## ##
     ##       #### ##     ## ######## ########  ##     ##  ######  ########

You're about to initialize a Firebase project in this directory:

  /Users/ikedakazuki/valley-input-page/valley-results-site

[info] 
=== Project Setup
[info] 
[info] First, let's associate this project directory with a Firebase project.
[info] You can create multiple project aliases by running firebase use --add, 
[info] 
[info] i  If you want to create a project in a Google Cloud organization or folder, please use "firebase projects:create" instead, and return to this command when you've created the project. 
[debug] [2026-01-30T04:14:16.637Z] > command requires scopes: ["email","openid","https://www.googleapis.com/auth/cloudplatformprojects.readonly","https://www.googleapis.com/auth/firebase","https://www.googleapis.com/auth/cloud-platform"]
[debug] [2026-01-30T04:14:16.638Z] > authorizing via signed-in user (hejichitian6@gmail.com)
[debug] [2026-01-30T04:15:00.261Z] Checked if tokens are valid: true, expires at: 1769749954117
[debug] [2026-01-30T04:15:00.262Z] Checked if tokens are valid: true, expires at: 1769749954117
[debug] [2026-01-30T04:15:00.265Z] >>> [apiv2][query] POST https://firebase.googleapis.com/v1/projects:checkProjectId [none]
[debug] [2026-01-30T04:15:00.265Z] >>> [apiv2][body] POST https://firebase.googleapis.com/v1/projects:checkProjectId {"proposedId":"valley-results-<2026>"}
[debug] [2026-01-30T04:15:00.448Z] <<< [apiv2][status] POST https://firebase.googleapis.com/v1/projects:checkProjectId 400
[debug] [2026-01-30T04:15:00.448Z] <<< [apiv2][body] POST https://firebase.googleapis.com/v1/projects:checkProjectId {"error":{"code":400,"message":"Request contains an invalid argument.","status":"INVALID_ARGUMENT"}}
[debug] [2026-01-30T04:15:00.449Z] Couldn't check if project ID valley-results-<2026> is available. Original error: FirebaseError: Failed to check if project ID is available. See firebase-debug.log for more info.
[debug] [2026-01-30T04:15:51.058Z] Checked if tokens are valid: true, expires at: 1769749954117
[debug] [2026-01-30T04:15:51.058Z] Checked if tokens are valid: true, expires at: 1769749954117
[debug] [2026-01-30T04:15:51.058Z] >>> [apiv2][query] POST https://cloudresourcemanager.googleapis.com/v1/projects [none]
[debug] [2026-01-30T04:15:51.059Z] >>> [apiv2][body] POST https://cloudresourcemanager.googleapis.com/v1/projects {"projectId":"valley-results-<2026>","name":"valley-results-ikeda-20260130"}
[debug] [2026-01-30T04:15:51.705Z] <<< [apiv2][status] POST https://cloudresourcemanager.googleapis.com/v1/projects 400
[debug] [2026-01-30T04:15:51.706Z] <<< [apiv2][body] POST https://cloudresourcemanager.googleapis.com/v1/projects {"error":{"code":400,"message":"field [project_id] has issue [project_id contains invalid characters]","status":"INVALID_ARGUMENT","details":[{"@type":"type.googleapis.com/google.rpc.BadRequest","fieldViolations":[{"field":"project_id","description":"project_id contains invalid characters"}]},{"@type":"type.googleapis.com/google.rpc.Help","links":[{"url":"https://cloud.google.com/resource-manager/reference/rest/v1/projects"}]}]}}
[debug] [2026-01-30T04:15:51.798Z] FirebaseError: Request to https://cloudresourcemanager.googleapis.com/v1/projects had HTTP Error: 400, field [project_id] has issue [project_id contains invalid characters]
    at responseToError (/Users/ikedakazuki/.npm/_npx/7750544ccf494d8b/node_modules/firebase-tools/lib/responseToError.js:53:12)
    at RetryOperation._fn (/Users/ikedakazuki/.npm/_npx/7750544ccf494d8b/node_modules/firebase-tools/lib/apiv2.js:330:77)
    at process.processTicksAndRejections (node:internal/process/task_queues:105:5)
[error] 
[error] Error: Failed to create project. See firebase-debug.log for more info.
[debug] [2026-01-30T04:16:52.450Z] ----------------------------------------------------------------------
[debug] [2026-01-30T04:16:52.454Z] Command:       /usr/local/bin/node /Users/ikedakazuki/.npm/_npx/7750544ccf494d8b/node_modules/.bin/firebase projects:create valley-results-ikeda-2601301316 --display-name Valley Results
[debug] [2026-01-30T04:16:52.454Z] CLI Version:   15.5.1
[debug] [2026-01-30T04:16:52.455Z] Platform:      darwin
[debug] [2026-01-30T04:16:52.455Z] Node Version:  v22.14.0
[debug] [2026-01-30T04:16:52.456Z] Time:          Fri Jan 30 2026 13:16:52 GMT+0900 (日本標準時)
[debug] [2026-01-30T04:16:52.456Z] ----------------------------------------------------------------------
[debug] 
[debug] [2026-01-30T04:16:52.467Z] > command requires scopes: ["email","openid","https://www.googleapis.com/auth/cloudplatformprojects.readonly","https://www.googleapis.com/auth/firebase","https://www.googleapis.com/auth/cloud-platform"]
[debug] [2026-01-30T04:16:52.467Z] > authorizing via signed-in user (hejichitian6@gmail.com)
[debug] [2026-01-30T04:16:52.475Z] Checked if tokens are valid: true, expires at: 1769749954117
[debug] [2026-01-30T04:16:52.475Z] Checked if tokens are valid: true, expires at: 1769749954117
[debug] [2026-01-30T04:16:52.477Z] >>> [apiv2][query] POST https://cloudresourcemanager.googleapis.com/v1/projects [none]
[debug] [2026-01-30T04:16:52.477Z] >>> [apiv2][body] POST https://cloudresourcemanager.googleapis.com/v1/projects {"projectId":"valley-results-ikeda-2601301316","name":"Valley Results"}
[debug] [2026-01-30T04:16:53.269Z] <<< [apiv2][status] POST https://cloudresourcemanager.googleapis.com/v1/projects 400
[debug] [2026-01-30T04:16:53.270Z] <<< [apiv2][body] POST https://cloudresourcemanager.googleapis.com/v1/projects {"error":{"code":400,"message":"field [project_id] has issue [project_id must be at most 30 characters long]","status":"INVALID_ARGUMENT","details":[{"@type":"type.googleapis.com/google.rpc.BadRequest","fieldViolations":[{"field":"project_id","description":"project_id must be at most 30 characters long"}]},{"@type":"type.googleapis.com/google.rpc.Help","links":[{"url":"https://cloud.google.com/resource-manager/reference/rest/v1/projects"}]}]}}
[debug] [2026-01-30T04:16:53.351Z] FirebaseError: Request to https://cloudresourcemanager.googleapis.com/v1/projects had HTTP Error: 400, field [project_id] has issue [project_id must be at most 30 characters long]
    at responseToError (/Users/ikedakazuki/.npm/_npx/7750544ccf494d8b/node_modules/firebase-tools/lib/responseToError.js:53:12)
    at RetryOperation._fn (/Users/ikedakazuki/.npm/_npx/7750544ccf494d8b/node_modules/firebase-tools/lib/apiv2.js:330:77)
    at process.processTicksAndRejections (node:internal/process/task_queues:105:5)
[error] 
[error] Error: Failed to create project. See firebase-debug.log for more info.
[debug] [2026-01-30T04:19:02.698Z] ----------------------------------------------------------------------
[debug] [2026-01-30T04:19:02.702Z] Command:       /usr/local/bin/node /Users/ikedakazuki/.npm/_npx/7750544ccf494d8b/node_modules/.bin/firebase projects:create valres-ikeda-2601301318 --display-name Valley Results
[debug] [2026-01-30T04:19:02.702Z] CLI Version:   15.5.1
[debug] [2026-01-30T04:19:02.702Z] Platform:      darwin
[debug] [2026-01-30T04:19:02.703Z] Node Version:  v22.14.0
[debug] [2026-01-30T04:19:02.703Z] Time:          Fri Jan 30 2026 13:19:02 GMT+0900 (日本標準時)
[debug] [2026-01-30T04:19:02.703Z] ----------------------------------------------------------------------
[debug] 
[debug] [2026-01-30T04:19:02.714Z] > command requires scopes: ["email","openid","https://www.googleapis.com/auth/cloudplatformprojects.readonly","https://www.googleapis.com/auth/firebase","https://www.googleapis.com/auth/cloud-platform"]
[debug] [2026-01-30T04:19:02.714Z] > authorizing via signed-in user (hejichitian6@gmail.com)
[debug] [2026-01-30T04:19:02.722Z] Checked if tokens are valid: true, expires at: 1769749954117
[debug] [2026-01-30T04:19:02.722Z] Checked if tokens are valid: true, expires at: 1769749954117
[debug] [2026-01-30T04:19:02.724Z] >>> [apiv2][query] POST https://cloudresourcemanager.googleapis.com/v1/projects [none]
[debug] [2026-01-30T04:19:02.724Z] >>> [apiv2][body] POST https://cloudresourcemanager.googleapis.com/v1/projects {"projectId":"valres-ikeda-2601301318","name":"Valley Results"}
[debug] [2026-01-30T04:19:03.688Z] <<< [apiv2][status] POST https://cloudresourcemanager.googleapis.com/v1/projects 200
[debug] [2026-01-30T04:19:03.688Z] <<< [apiv2][body] POST https://cloudresourcemanager.googleapis.com/v1/projects {"name":"operations/create_project.global.7837203833323252706"}
[debug] [2026-01-30T04:19:03.689Z] Checked if tokens are valid: true, expires at: 1769749954117
[debug] [2026-01-30T04:19:03.689Z] Checked if tokens are valid: true, expires at: 1769749954117
[debug] [2026-01-30T04:19:03.690Z] >>> [apiv2][query] GET https://cloudresourcemanager.googleapis.com/v1/operations/create_project.global.7837203833323252706 [none]
[debug] [2026-01-30T04:19:04.339Z] <<< [apiv2][status] GET https://cloudresourcemanager.googleapis.com/v1/operations/create_project.global.7837203833323252706 200
[debug] [2026-01-30T04:19:04.340Z] <<< [apiv2][body] GET https://cloudresourcemanager.googleapis.com/v1/operations/create_project.global.7837203833323252706 {"name":"operations/create_project.global.7837203833323252706","metadata":{"@type":"type.googleapis.com/google.cloudresourcemanager.v1.ProjectCreationStatus","ready":true},"done":true,"error":{"code":9,"message":"Callers must accept Terms of Service","details":[{"@type":"type.googleapis.com/google.rpc.PreconditionFailure","violations":[{"type":"TOS","subject":"cloud","description":"Callers must accept Terms of Service"}]}]}}
[debug] [2026-01-30T04:19:04.420Z] FirebaseError: Callers must accept Terms of Service
    at OperationPoller.poll (/Users/ikedakazuki/.npm/_npx/7750544ccf494d8b/node_modules/firebase-tools/lib/operation-poller.js:25:19)
    at process.processTicksAndRejections (node:internal/process/task_queues:105:5)
    at async createCloudProject (/Users/ikedakazuki/.npm/_npx/7750544ccf494d8b/node_modules/firebase-tools/lib/management/projects.js:237:29)
    at async createFirebaseProjectAndLog (/Users/ikedakazuki/.npm/_npx/7750544ccf494d8b/node_modules/firebase-tools/lib/management/projects.js:102:9)
[error] 
[error] Error: Failed to create project. See firebase-debug.log for more info.
